// Jest Snapshot v1, https://goo.gl/fbAQLP

exports[`renders correctly 1`] = `
<RCTSafeAreaView
  emulateUnlessSupported={true}
  style={
    Array [
      Object {
        "backgroundColor": "#F3F3F3",
      },
      Object {
        "flex": 1,
      },
    ]
  }
>
  <View
    style={
      Object {
        "alignItems": "center",
        "flex": 1,
        "marginTop": 10,
      }
    }
  >
    <Text
      style={
        Object {
          "color": "#273746",
          "fontSize": 20,
          "fontWeight": "800",
          "marginBottom": 10,
          "textAlign": "center",
        }
      }
    >
      Github
    </Text>
    <View
      style={
        Object {
          "paddingVertical": 6,
          "width": "80%",
        }
      }
    >
      <Text
        style={
          Object {
            "color": "#273746",
            "fontSize": 15,
            "fontWeight": "600",
          }
        }
      >
        Enter Organization name
      </Text>
      <TextInput
        accessibilityLabel="input values"
        allowFontScaling={true}
        autoCapitalize="none"
        onChangeText={[Function]}
        rejectResponderTermination={true}
        style={
          Object {
            "borderRadius": 10,
            "borderWidth": 1,
            "fontSize": 18,
            "height": 50,
            "marginTop": 5,
            "padding": 10,
          }
        }
        underlineColorAndroid="transparent"
        value=""
      />
    </View>
    <View
      style={
        Object {
          "paddingVertical": 6,
          "width": "80%",
        }
      }
    >
      <Text
        style={
          Object {
            "color": "#273746",
            "fontSize": 15,
            "fontWeight": "600",
          }
        }
      >
        Enter Repo name
      </Text>
      <TextInput
        accessibilityLabel="input values"
        allowFontScaling={true}
        autoCapitalize="none"
        onChangeText={[Function]}
        rejectResponderTermination={true}
        style={
          Object {
            "borderRadius": 10,
            "borderWidth": 1,
            "fontSize": 18,
            "height": 50,
            "marginTop": 5,
            "padding": 10,
          }
        }
        underlineColorAndroid="transparent"
        value=""
      />
    </View>
    <View
      style={
        Object {
          "paddingVertical": 6,
          "width": "80%",
        }
      }
    >
      <Text
        style={
          Object {
            "color": "#273746",
            "fontSize": 15,
            "fontWeight": "600",
          }
        }
      >
        Enter Author name
      </Text>
      <TextInput
        accessibilityLabel="input values"
        allowFontScaling={true}
        autoCapitalize="none"
        onChangeText={[Function]}
        rejectResponderTermination={true}
        style={
          Object {
            "borderRadius": 10,
            "borderWidth": 1,
            "fontSize": 18,
            "height": 50,
            "marginTop": 5,
            "padding": 10,
          }
        }
        underlineColorAndroid="transparent"
        value=""
      />
    </View>
    <View
      accessible={true}
      focusable={true}
      onClick={[Function]}
      onResponderGrant={[Function]}
      onResponderMove={[Function]}
      onResponderRelease={[Function]}
      onResponderTerminate={[Function]}
      onResponderTerminationRequest={[Function]}
      onStartShouldSetResponder={[Function]}
      style={
        Object {
          "backgroundColor": "#68a0cf",
          "borderRadius": 10,
          "marginTop": 10,
          "minWidth": "30%",
          "opacity": 1,
          "padding": 10,
        }
      }
    >
      <Text
        style={
          Object {
            "color": "#fff",
            "fontSize": 20,
            "textAlign": "center",
          }
        }
      >
        Search
      </Text>
    </View>
  </View>
</RCTSafeAreaView>
`;
